>a
#^ source.abc keyword.letter
>(
#^ source.abc expression.group punctuation.paren.open
>    b
#^^^^ source.abc expression.group
#    ^ source.abc expression.group keyword.letter
>)
#^ source.abc expression.group punctuation.paren.close
>x
#^ source.abc keyword.letter
>(
#^ source.abc expression.group punctuation.paren.open
>    (
#^^^^ source.abc expression.group
#    ^ source.abc expression.group expression.group punctuation.paren.open
>        c
#^^^^^^^^ source.abc expression.group expression.group
#        ^ source.abc expression.group expression.group keyword.letter
>        xyz
#^^^^^^^^ source.abc expression.group expression.group
#        ^ source.abc expression.group expression.group keyword.letter
#         ^ source.abc expression.group expression.group keyword.letter
#          ^ source.abc expression.group expression.group keyword.letter
>    )
#^^^^ source.abc expression.group expression.group
#    ^ source.abc expression.group expression.group punctuation.paren.close
>    Q
#^^^^^^ source.abc expression.group
>)
#^ source.abc expression.group punctuation.paren.close
>(
#^ source.abc expression.group punctuation.paren.open
>a
#^ source.abc expression.group keyword.letter